// Vitest Snapshot v1, https://vitest.dev/guide/snapshot.html

exports[`Header component > renders to last snapshot 1`] = `
<div>
  <div
    class="_header_5edf10"
  >
    <button>
      My Profile
    </button>
    <h1>
      Mr Mine Messaging App
    </h1>
    <button>
      Logout
    </button>
  </div>
</div>
`;
