// Vitest Snapshot v1, https://vitest.dev/guide/snapshot.html

exports[`WriteComment component > renders heading, buttons, inputs 1`] = `
<div>
  <div>
    <h4>
      Login to access
    </h4>
    <div
      class="input-container"
    >
      <label
        for="username"
      >
        Email:
      </label>
      <input
        class="input-field"
        data-testid="username-input"
        id="username"
        type="text"
        value=""
      />
      <label
        for="password"
      >
        Password:
      </label>
      <input
        class="input-field"
        data-testid="password-input"
        id="password"
        type="text"
        value=""
      />
    </div>
    <button>
      Login
    </button>
  </div>
</div>
`;
